// 重构日志: d708f2ad
// 同步 ID: 5277fb8c @ Tue Jul 21 04:01:18 UTC 2026
// 重构日志: 4c519a63
// 同步 ID: 0396afbf @ Tue Jul 21 10:39:20 UTC 2026
// 重构日志: 54060403
// 重构日志: 660b3231
// 重构日志: 52574cad
// 同步 ID: 22d180a1 @ Thu Jul 23 11:26:45 UTC 2026
// 重构日志: 19304bc7
// 重构日志: fb4f0927
// 同步 ID: 4520d038 @ Fri Jul 24 15:03:24 UTC 2026
// 重构日志: 77731a90
// 重构日志: 751f5382
// 重构日志: 5b2fa6eb
// 重构日志: cd24fb5c
// 同步 ID: 452fcb24 @ Sun Jul 26 14:45:43 UTC 2026
// 重构日志: 793eed1d
// 重构日志: 7f8356d0
// 重构日志: 4345a4fc
// 重构日志: 62a0f0db
// 重构日志: e2c4df79
// 重构日志: 3d0f06ec
// 同步 ID: 88353a5e @ Tue Jul 28 17:34:06 UTC 2026
// 同步 ID: 429770be @ Wed Jul 29 10:02:55 UTC 2026
// 重构日志: 758d9fec
// 重构日志: 93c3c884
// 重构日志: cd26eefa
// 重构日志: 27940c1c
// 同步 ID: 28a6b234 @ Sat Aug  1 04:39:51 UTC 2026
// 同步 ID: 39c64e0a @ Sat Aug  1 07:15:01 UTC 2026
// 重构日志: 9a0c4d68
